
> gptflix@0.0.0 build
> vite build

[36mvite v7.3.0 [32mbuilding client environment for production...[36m[39m
transforming...
[32mΓ£ô[39m 41 modules transformed.
node.exe : 
[31mΓ£ù[39m Build 
failed in 2.35s
At line:1 char:1
+ & "C:\Program Files
\nodejs/node.exe" 
"C:\Program 
Files\nodejs/node_mo 
...
+ ~~~~~~~~~~~~~~~~~~~
~~~~~~~~~~~~~~~~~~~~~
~~~~~~~~~~~~~~~~~~~~~
~~~~~~~~
    + CategoryInfo   
           : NotSpe  
  cified: ([31mΓ£   
 ù[39m Build fai    
led in 2.35s:Str    
ing) [], RemoteE    
xception
    + FullyQualified 
   ErrorId : Native  
  CommandError
 
[31merror during 
build:
[31mCould not 
resolve "./src/compon
ents/GptSearch" from 
"src/components/Brows
e.jsx"[31m
file: [36mC:/Users/r
ajes/OneDrive/Desktop
/GPTFLIX/gptFlix/src/
components/Browse.jsx
[31m
    at 
getRollupError (file:
///C:/Users/rajes/One
Drive/Desktop/GPTFLIX
/gptFlix/node_modules
/rollup/dist/es/share
d/parseAst.js:401:41)
    at error (file://
/C:/Users/rajes/OneDr
ive/Desktop/GPTFLIX/g
ptFlix/node_modules/r
ollup/dist/es/shared/
parseAst.js:397:42)
    at ModuleLoader.h
andleInvalidResolvedI
d (file:///C:/Users/r
ajes/OneDrive/Desktop
/GPTFLIX/gptFlix/node
_modules/rollup/dist/
es/shared/node-entry.
js:21710:24)
    at file:///C:/Use
rs/rajes/OneDrive/Des
ktop/GPTFLIX/gptFlix/
node_modules/rollup/d
ist/es/shared/node-en
try.js:21670:26[39m
